// Jest Snapshot v1, https://goo.gl/fbAQLP

exports[`renders correctly 1`] = `
<div
  className="App"
>
  <header>
    <h2>
      Calculator App built using React
    </h2>
    <p>
      Built by Ryel Banfield
    </p>
  </header>
  <div
    className="calculator"
  >
    <div
      className="display"
      data-testid="display"
    >
      0
    </div>
    <div
      data-testid="button-panel"
    >
      <div>
        <button
          className="hvr-ripple-out"
          onClick={[Function]}
          type="button"
        >
          AC
        </button>
        <button
          className="hvr-fade"
          onClick={[Function]}
          type="button"
        >
          +/-
        </button>
        <button
          className="hvr-fade"
          onClick={[Function]}
          type="button"
        >
          %
        </button>
        <button
          className="hvr-fade"
          onClick={[Function]}
          type="button"
        >
          /
        </button>
      </div>
      <div>
        <button
          className="hvr-fade"
          onClick={[Function]}
          type="button"
        >
          7
        </button>
        <button
          className="hvr-fade"
          onClick={[Function]}
          type="button"
        >
          8
        </button>
        <button
          className="hvr-fade"
          onClick={[Function]}
          type="button"
        >
          9
        </button>
        <button
          className="hvr-fade"
          onClick={[Function]}
          type="button"
        >
          X
        </button>
      </div>
      <div>
        <button
          className="hvr-fade"
          onClick={[Function]}
          type="button"
        >
          4
        </button>
        <button
          className="hvr-fade"
          onClick={[Function]}
          type="button"
        >
          5
        </button>
        <button
          className="hvr-fade"
          onClick={[Function]}
          type="button"
        >
          6
        </button>
        <button
          className="hvr-fade"
          onClick={[Function]}
          type="button"
        >
          -
        </button>
      </div>
      <div>
        <button
          className="hvr-fade"
          onClick={[Function]}
          type="button"
        >
          1
        </button>
        <button
          className="hvr-fade"
          onClick={[Function]}
          type="button"
        >
          2
        </button>
        <button
          className="hvr-fade"
          onClick={[Function]}
          type="button"
        >
          3
        </button>
        <button
          className="hvr-fade"
          onClick={[Function]}
          type="button"
        >
          +
        </button>
      </div>
      <div>
        <button
          className="hvr-fade"
          onClick={[Function]}
          type="button"
        >
          0
        </button>
        <button
          className="hvr-fade"
          onClick={[Function]}
          type="button"
        >
          .
        </button>
        <button
          className="hvr-ripple-out equalButton"
          onClick={[Function]}
          type="button"
        >
          =
        </button>
      </div>
    </div>
  </div>
</div>
`;
